
There are no discarded input sections

Memory Configuration

Name             Origin             Length             Attributes
main             0x023d7ff0         0x00008010
*default*        0x00000000         0xffffffff

Linker script and memory map

LOAD ground_instructions.o
LOAD /tmp/ccIq2b8S.ltrans0.ltrans.o
LOAD /tmp/ccHZ54Tp.debug.temp.o
LOAD /tmp/cceufLJn.debug.temp.o
LOAD /tmp/ccpFzGqd.debug.temp.o
LOAD /tmp/cc5NlYTP.debug.temp.o
LOAD /tmp/cc46TCZJ.debug.temp.o
LOAD /tmp/ccy3IkPc.debug.temp.o
LOAD /tmp/ccnjts7l.debug.temp.o
LOAD /tmp/ccJTLZB8.debug.temp.o
LOAD /tmp/ccgTPWVs.debug.temp.o
LOAD item_effects.o
LOAD main.o
LOAD menus.o
LOAD move_effects.o
LOAD special_processes.o
LOAD effects.o
LOAD instruction_hooks.o
LOAD menu_hooks.o
LOAD species_transformation.o
LOAD trampolines.o
                0x022dc240                        OVERLAY11_LOAD_ADDR = 0x22dc240
                0x022dc830                        InitScriptRoutineState = 0x22dc830
                0x022dc8e8                        InitScriptRoutine = 0x22dc8e8
                0x022dceec                        LockRoutine = 0x22dceec
                0x022dd0ec                        UnlockRoutine = 0x22dd0ec
                0x022dd130                        UnlockScriptingLock = 0x22dd130
                0x022dd164                        FuncThatCallsRunNextOpcode = 0x22dd164
                0x022ddd64                        RunNextOpcode = 0x22ddd64
                0x022e4248                        GetSsbString = 0x22e4248
                0x022e4350                        HandleUnlocks = 0x22e4350
                0x022e43e8                        ScriptCaseProcess = 0x22e43e8
                0x022e46dc                        LoadFileFromRomVeneer = 0x22e46dc
                0x022e46fc                        SsbLoad2 = 0x22e46fc
                0x022e48ac                        ScriptParamToInt = 0x22e48ac
                0x022e48ac                        ProcessScriptParam = 0x22e48ac
                0x022e48e0                        ScriptParamToFixedPoint16 = 0x22e48e0
                0x022e4bd4                        StationLoadHanger = 0x22e4bd4
                0x022e53e4                        ScriptStationLoadTalk = 0x22e53e4
                0x022e5d50                        SsbLoad1 = 0x22e5d50
                0x022e7118                        ScriptSpecialProcessCall = 0x22e7118
                0x022e7fb8                        GetCoroutineInfo = 0x22e7fb8
                0x022e803c                        GetSpecialRecruitmentSpecies = 0x22e803c
                0x022e8080                        PrepareMenuAcceptTeamMember = 0x22e8080
                0x022e8124                        InitRandomNpcJobs = 0x22e8124
                0x022e81bc                        GetRandomNpcJobType = 0x22e81bc
                0x022e81d4                        GetRandomNpcJobSubtype = 0x22e81d4
                0x022e81f0                        GetRandomNpcJobStillAvailable = 0x22e81f0
                0x022e8258                        AcceptRandomNpcJob = 0x22e8258
                0x022e8774                        GroundMainLoop = 0x22e8774
                0x022e935c                        GetAllocArenaGround = 0x22e935c
                0x022e93c0                        GetFreeArenaGround = 0x22e93c0
                0x022e9414                        GroundMainReturnDungeon = 0x22e9414
                0x022e9438                        GroundMainNextDay = 0x22e9438
                0x022e95dc                        JumpToTitleScreen = 0x22e95dc
                0x022e9694                        ReturnToTitleScreen = 0x22e9694
                0x022e96f4                        ScriptSpecialProcess0x16 = 0x22e96f4
                0x022e9f78                        IsScreenFadeInProgress = 0x22e9f78
                0x022ebb40                        LoadBackgroundAttributes = 0x22ebb40
                0x022ebc18                        GroundBgInit = 0x22ebc18
                0x022ebeac                        GroundBgFreeAll = 0x22ebeac
                0x022ebfc8                        GroundBgCloseOpenedFiles = 0x22ebfc8
                0x022ecd24                        LoadMapType10 = 0x22ecd24
                0x022ed244                        LoadMapType11 = 0x22ed244
                0x022ee2d4                        BmaLayerNrlDecompressor = 0x22ee2d4
                0x022f155c                        GetSpecialLayoutBackground = 0x22f155c
                0x022f481c                        SetAnimDataFields = 0x22f481c
                0x022f495c                        SetAnimDataFieldsWrapper = 0x22f495c
                0x022f4c64                        InitAnimDataFromOtherAnimData = 0x22f4c64
                0x022f52e8                        SetAnimDataFields2 = 0x22f52e8
                0x022f5d50                        GetIdleAnimationType = 0x22f5d50
                0x022f6e60                        LoadObjectAnimData = 0x22f6e60
                0x022f6f08                        InitAnimDataFromOtherAnimDataVeneer = 0x22f6f08
                0x022f6f14                        AnimRelatedFunction = 0x22f6f14
                0x022f7650                        UnlockMainRoutine = 0x22f7650
                0x022f7cbc                        AllocAndInitPartnerFollowDataAndLiveActorList = 0x22f7cbc
                0x022f7d18                        InitPartnerFollowDataAndLiveActorList = 0x22f7d18
                0x022f7e10                        GetLiveActorIdxFromScriptEntityId = 0x22f7e10
                0x022f8578                        DeleteLiveActor = 0x22f8578
                0x022f872c                        SetAttributeBitfieldLiveActor = 0x22f872c
                0x022f87b8                        ResetAttributeBitfieldLiveActor = 0x22f87b8
                0x022f9018                        UnlockActorRoutines = 0x22f9018
                0x022f9180                        GetCollidingActorId = 0x22f9180
                0x022f93c8                        ChangeActorAnimation = 0x22f93c8
                0x022f9528                        SetPositionLiveActor = 0x22f9528
                0x022faa04                        GetIdLiveActor = 0x22faa04
                0x022faa0c                        GetCollisionBoxLiveActor = 0x22faa0c
                0x022faa20                        SetPositionInitialLiveActor = 0x22faa20
                0x022faadc                        SetMovementRangeLiveActor = 0x22faadc
                0x022fab00                        GetCollisionBoxCenterLiveActor = 0x22fab00
                0x022fab24                        SetPositionLiveActorVeneer = 0x22fab24
                0x022fab30                        GetHeightLiveActor = 0x22fab30
                0x022fab44                        SetHeightLiveActor = 0x22fab44
                0x022fab4c                        GetDirectionLiveActor = 0x22fab4c
                0x022fab5c                        SetDirectionLiveActor = 0x22fab5c
                0x022fab84                        SetAnimationLiveActor = 0x22fab84
                0x022fabd0                        SetEffectLiveActor = 0x22fabd0
                0x022fabe4                        GetAnimationStatusLiveActor = 0x22fabe4
                0x022fac04                        GetEffectStatusLiveActor = 0x22fac04
                0x022fac28                        GetAttributeBitfieldLiveActor = 0x22fac28
                0x022fac34                        SetAttributeBitfieldLiveActorWrapper = 0x22fac34
                0x022fac44                        ResetAttributeBitfieldLiveActorWrapper = 0x22fac44
                0x022fac54                        SetBlinkLiveActor = 0x22fac54
                0x022fac64                        SetPositionOffsetLiveActor = 0x22fac64
                0x022fba28                        InitPartnerFollowData = 0x22fba28
                0x022fc44c                        DeleteLiveObject = 0x22fc44c
                0x022fc5f8                        SetAttributeBitfieldLiveObject = 0x22fc5f8
                0x022fc638                        ResetAttributeBitfieldLiveObject = 0x22fc638
                0x022fcc44                        UnlockObjectRoutines = 0x22fcc44
                0x022fcd18                        GetCollidingObjectId = 0x22fcd18
                0x022fcf70                        SetPositionLiveObject = 0x22fcf70
                0x022fd060                        GetIdLiveObject = 0x22fd060
                0x022fd068                        GetCollisionBoxLiveObject = 0x22fd068
                0x022fd07c                        SetPositionInitialLiveObject = 0x22fd07c
                0x022fd138                        SetMovementRangeLiveObject = 0x22fd138
                0x022fd15c                        GetCollisionBoxCenterLiveObject = 0x22fd15c
                0x022fd180                        SetPositionLiveObjectVeneer = 0x22fd180
                0x022fd18c                        GetHeightLiveObject = 0x22fd18c
                0x022fd1a0                        SetHeightLiveObject = 0x22fd1a0
                0x022fd1a8                        GetDirectionLiveObject = 0x22fd1a8
                0x022fd1b8                        SetDirectionLiveObject = 0x22fd1b8
                0x022fd1c8                        SetAnimationLiveObject = 0x22fd1c8
                0x022fd288                        SetEffectLiveObject = 0x22fd288
                0x022fd298                        GetAnimationStatusLiveObject = 0x22fd298
                0x022fd2b8                        GetEffectStatusLiveObject = 0x22fd2b8
                0x022fd2dc                        GetAttributeBitfieldLiveObject = 0x22fd2dc
                0x022fd2e8                        SetAttributeBitfieldLiveObjectWrapper = 0x22fd2e8
                0x022fd2f8                        ResetAttributeBitfieldLiveObjectWrapper = 0x22fd2f8
                0x022fd308                        SetBlinkLiveObject = 0x22fd308
                0x022fd318                        SetPositionOffsetLiveObject = 0x22fd318
                0x022fdbec                        DeleteLivePerformer = 0x22fdbec
                0x022fdd98                        SetAttributeBitfieldLivePerformer = 0x22fdd98
                0x022fddd8                        ResetAttributeBitfieldLivePerformer = 0x22fddd8
                0x022fe354                        UnlockPerformerRoutines = 0x22fe354
                0x022fe404                        SetPositionLivePerformer = 0x22fe404
                0x022fe490                        GetIdLivePerformer = 0x22fe490
                0x022fe498                        GetCollisionBoxLivePerformer = 0x22fe498
                0x022fe4ac                        SetPositionInitialLivePerformer = 0x22fe4ac
                0x022fe568                        SetMovementRangeLivePerformer = 0x22fe568
                0x022fe58c                        GetCollisionBoxCenterLivePerformer = 0x22fe58c
                0x022fe5b0                        SetPositionLivePerformerVeneer = 0x22fe5b0
                0x022fe5bc                        GetHeightLivePerformer = 0x22fe5bc
                0x022fe5d0                        SetHeightLivePerformer = 0x22fe5d0
                0x022fe5d8                        GetDirectionLivePerformer = 0x22fe5d8
                0x022fe5e8                        SetDirectionLivePerformer = 0x22fe5e8
                0x022fe5f8                        SetAnimationLivePerformer = 0x22fe5f8
                0x022fe6b8                        SetEffectLivePerformer = 0x22fe6b8
                0x022fe6c8                        GetAnimationStatusLivePerformer = 0x22fe6c8
                0x022fe6e8                        GetEffectStatusLivePerformer = 0x22fe6e8
                0x022fe720                        GetAttributeBitfieldLivePerformer = 0x22fe720
                0x022fe72c                        SetAttributeBitfieldLivePerformerWrapper = 0x22fe72c
                0x022fe73c                        ResetAttributeBitfieldLivePerformerWrapper = 0x22fe73c
                0x022fe74c                        SetBlinkLivePerformer = 0x22fe74c
                0x022fe75c                        SetPositionOffsetLivePerformer = 0x22fe75c
                0x022fec68                        DeleteLiveEvent = 0x22fec68
                0x022fedf8                        GetCollidingEventId = 0x22fedf8
                0x022fee94                        CreateTeamInfoBox = 0x22fee94
                0x022fef4c                        CloseTeamInfoBox = 0x22fef4c
                0x022fef84                        IsTeamInfoBoxActive = 0x22fef84
                0x022fefa4                        UpdateTeamInfoBox = 0x22fefa4
                0x02300d88                        CreateTopGroundMenu = 0x2300d88
                0x02300ef4                        CloseTopGroundMenu = 0x2300ef4
                0x02300f50                        UpdateTopGroundMenu = 0x2300f50
                0x02304ac4                        IsBagNotEmpty = 0x2304ac4
                0x0200d634                        SprintfStatic = 0x2308ecc
                0x0230af38                        GetExclusiveItemRequirements = 0x230af38
                0x0230b20c                        SwapShopInventoryManager = 0x230b20c
                0x0230e618                        HandleControlsTopScreenGround = 0x230e618
                0x0230ed48                        GetDungeonMapPos = 0x230ed48
                0x0230f004                        WorldMapSetMode = 0x230f004
                0x0230f0c4                        WorldMapSetCamera = 0x230f0c4
                0x02313a98                        StatusUpdate = 0x2313a98
                0x02313adc                        HandleTeamStatsGround = 0x2313adc
                0x02316a38                        OVERLAY11_UNKNOWN_TABLE__NA_2316A38 = 0x2316a38
                0x02316ad8                        SCRIPT_COMMAND_PARSING_DATA = 0x2316ad8
                0x02316af8                        SCRIPT_OP_CODE_NAMES = 0x2316af8
                0x02318610                        SCRIPT_OP_CODES = 0x2318610
                0x02319208                        OVERLAY11_DEBUG_STRINGS = 0x2319208
                0x02319aec                        C_ROUTINE_NAMES = 0x2319aec
                0x0231c828                        C_ROUTINES = 0x231c828
                0x0231de10                        GROUND_WEATHER_TABLE = 0x231de10
                0x0231de40                        GROUND_WAN_FILES_TABLE = 0x231de40
                0x0231ee54                        OBJECTS = 0x231ee54
                0x02320894                        RECRUITMENT_TABLE_LOCATIONS = 0x2320894
                0x023208ac                        RECRUITMENT_TABLE_LEVELS = 0x23208ac
                0x023208d8                        RECRUITMENT_TABLE_SPECIES = 0x23208d8
                0x02320bf8                        POSITION_ZERO = 0x2320bf8
                0x02320d2c                        LEVEL_TILEMAP_LIST = 0x2320d2c
                0x0232187c                        ACTOR_FUNCTION_TABLE = 0x232187c
                0x023218cc                        SETANIMATION_TABLE = 0x23218cc
                0x02321dfc                        OBJECT_FUNCTION_TABLE = 0x2321dfc
                0x02322110                        PERFORMER_FUNCTION_TABLE = 0x2322110
                0x0232245c                        TEAM_INFO_BOX_DEFAULT_WINDOW_PARAMS = 0x232245c
                0x0232306c                        OVERLAY11_OVERLAY_LOAD_TABLE = 0x232306c
                0x02324ca4                        UNIONALL_RAM_ADDRESS = 0x2324ca4
                0x02324cc0                        GROUND_STATE_MAP = 0x2324cc0
                0x02324cf4                        GROUND_STATE_PTRS = 0x2324cf4
                0x02324da4                        SWAP_SHOP_INVENTORY_PTRS = 0x2324da4
                0x02324de4                        WORLD_MAP_MODE = 0x2324de4
                0x0238a140                        OVERLAY20_LOAD_ADDR = 0x238a140
                0x0238cf7c                        OVERLAY20_UNKNOWN_POINTER__NA_238CF7C = 0x238cf7c
                0x0238cf84                        RECYCLE_MENU_ITEMS_CONFIRM_1 = 0x238cf84
                0x0238cf9c                        RECYCLE_MENU_ITEMS_CONFIRM_2 = 0x238cf9c
                0x0238cfb4                        RECYCLE_SUBMENU_ITEMS_1 = 0x238cfb4
                0x0238cfcc                        RECYCLE_SUBMENU_ITEMS_2 = 0x238cfcc
                0x0238cfec                        RECYCLE_MAIN_MENU_ITEMS_1 = 0x238cfec
                0x0238d014                        OVERLAY20_UNKNOWN_TABLE__NA_238D014 = 0x238d014
                0x0238d028                        RECYCLE_WINDOW_PARAMS_1 = 0x238d028
                0x0238d038                        RECYCLE_WINDOW_PARAMS_2 = 0x238d038
                0x0238d048                        RECYCLE_WINDOW_PARAMS_3 = 0x238d048
                0x0238d058                        RECYCLE_WINDOW_PARAMS_4 = 0x238d058
                0x0238d068                        RECYCLE_WINDOW_PARAMS_5 = 0x238d068
                0x0238d078                        RECYCLE_WINDOW_PARAMS_6 = 0x238d078
                0x0238d088                        RECYCLE_MAIN_MENU_ITEMS_2 = 0x238d088
                0x0238d0a8                        RECYCLE_WINDOW_PARAMS_7 = 0x238d0a8
                0x0238d0b8                        RECYCLE_WINDOW_PARAMS_8 = 0x238d0b8
                0x0238d0c8                        RECYCLE_WINDOW_PARAMS_9 = 0x238d0c8
                0x0238d0d8                        RECYCLE_WINDOW_PARAMS_10 = 0x238d0d8
                0x0238d0e8                        RECYCLE_WINDOW_PARAMS_11 = 0x238d0e8
                0x0238d0f8                        RECYCLE_MAIN_MENU_ITEMS_3 = 0x238d0f8
                0x0238d110                        OVERLAY20_RESERVED_SPACE = 0x238d110
                0x0238d120                        OVERLAY20_UNKNOWN_POINTER__NA_238D120 = 0x238d120
                0x0238d124                        OVERLAY20_UNKNOWN_POINTER__NA_238D124 = 0x238d124
                0x0238d128                        OVERLAY20_UNKNOWN_POINTER__NA_238D128 = 0x238d128
                0x0238d12c                        OVERLAY20_UNKNOWN_POINTER__NA_238D12C = 0x238d12c
                0x02382820                        OVERLAY30_LOAD_ADDR = 0x2382820
                0x02382c68                        WriteQuicksaveData = 0x2382c68
                0x02386080                        OVERLAY30_JP_STRING_1 = 0x2386080
                0x0238608c                        OVERLAY30_JP_STRING_2 = 0x238608c
                0x0238a140                        OVERLAY15_LOAD_ADDR = 0x238a140
                0x0238b054                        BANK_MAIN_MENU_ITEMS = 0x238b054
                0x0238b07c                        BANK_WINDOW_PARAMS_1 = 0x238b07c
                0x0238b08c                        BANK_WINDOW_PARAMS_2 = 0x238b08c
                0x0238b09c                        BANK_WINDOW_PARAMS_3 = 0x238b09c
                0x0238b0ac                        BANK_WINDOW_PARAMS_4 = 0x238b0ac
                0x0238b0bc                        BANK_WINDOW_PARAMS_5 = 0x238b0bc
                0x0238b164                        OVERLAY15_RESERVED_SPACE = 0x238b164
                0x0238b180                        OVERLAY15_UNKNOWN_POINTER__NA_238B180 = 0x238b180
                0x0238a140                        OVERLAY19_LOAD_ADDR = 0x238a140
                0x0238a140                        GetBarItem = 0x238a140
                0x0238a1c4                        GetRecruitableMonsterAll = 0x238a1c4
                0x0238a274                        GetRecruitableMonsterList = 0x238a274
                0x0238a31c                        GetRecruitableMonsterListRestricted = 0x238a31c
                0x0238dae0                        OVERLAY19_UNKNOWN_TABLE__NA_238DAE0 = 0x238dae0
                0x0238dae8                        BAR_UNLOCKABLE_DUNGEONS_TABLE = 0x238dae8
                0x0238daf4                        BAR_RECRUITABLE_MONSTER_TABLE = 0x238daf4
                0x0238dbcc                        BAR_AVAILABLE_ITEMS = 0x238dbcc
                0x0238e178                        OVERLAY19_UNKNOWN_STRING_IDS__NA_238E178 = 0x238e178
                0x0238e1a4                        OVERLAY19_UNKNOWN_STRUCT__NA_238E1A4 = 0x238e1a4
                0x0238e1cc                        OVERLAY19_UNKNOWN_STRING_IDS__NA_238E1CC = 0x238e1cc
                0x0238e1d8                        BAR_WINDOW_PARAMS_1 = 0x238e1d8
                0x0238e1e8                        BAR_WINDOW_PARAMS_2 = 0x238e1e8
                0x0238e1f8                        BAR_WINDOW_PARAMS_3 = 0x238e1f8
                0x0238e208                        BAR_MENU_ITEMS_CONFIRM_1 = 0x238e208
                0x0238e220                        BAR_MENU_ITEMS_CONFIRM_2 = 0x238e220
                0x0238e238                        OVERLAY19_UNKNOWN_STRING_IDS__NA_238E238 = 0x238e238
                0x0238e250                        BAR_MAIN_MENU_ITEMS = 0x238e250
                0x0238e270                        BAR_SUBMENU_ITEMS_1 = 0x238e270
                0x0238e290                        BAR_SUBMENU_ITEMS_2 = 0x238e290
                0x0238e344                        OVERLAY19_RESERVED_SPACE = 0x238e344
                0x0238e360                        OVERLAY19_UNKNOWN_POINTER__NA_238E360 = 0x238e360
                0x0238e364                        OVERLAY19_UNKNOWN_POINTER__NA_238E364 = 0x238e364
                0x02000000                        ARM9_LOAD_ADDR = 0x2000000
                0x02011810                        JUICE_BAR_NECTAR_IQ_GAIN = 0x2011810
                0x02020c94                        DEBUG_TEXT_SPEED = 0x2020c94
                0x02020c98                        REGULAR_TEXT_SPEED = 0x2020c98
                0x02020c98                        TEXT_SPEED = 0x2020c98
                0x02048880                        HERO_START_LEVEL = 0x2048880
                0x020488f0                        PARTNER_START_LEVEL = 0x20488f0
                0x022bca80                        OVERLAY0_LOAD_ADDR = 0x22bca80
                0x022be1a0                        TOP_MENU_MUSIC_ID = 0x22be1a0
                0x022bca80                        OVERLAY10_LOAD_ADDR = 0x22bca80
                0x022c2c08                        DEFEAT_ITEM_LOSS_CHANCE = 0x22c2c08
                0x022dc240                        OVERLAY29_LOAD_ADDR = 0x22dc240
                0x022ee0ec                        VISIBLE_TRAP_FAIL_CHANCE = 0x22ee0ec
                0x022ee100                        HIDDEN_TRAP_FAIL_CHANCE = 0x22ee100
                0x0231c384                        NECTAR_IQ_BOOST = 0x231c384
                0x0234bf6c                        COMPRESSED_SPRITE_BUFFER_SIZE = 0x234bf6c
                0x022dc240                        OVERLAY34_LOAD_ADDR = 0x22dc240
                0x02329520                        OVERLAY1_LOAD_ADDR = 0x2329520
                0x02329520                        OVERLAY2_LOAD_ADDR = 0x2329520
                0x0233ca80                        OVERLAY3_LOAD_ADDR = 0x233ca80
                0x0233ca80                        OVERLAY4_LOAD_ADDR = 0x233ca80
                0x0233ca80                        OVERLAY5_LOAD_ADDR = 0x233ca80
                0x0233ca80                        OVERLAY6_LOAD_ADDR = 0x233ca80
                0x0233ca80                        OVERLAY7_LOAD_ADDR = 0x233ca80
                0x0233ca80                        OVERLAY8_LOAD_ADDR = 0x233ca80
                0x0233ca80                        OVERLAY9_LOAD_ADDR = 0x233ca80
                0x0233d900                        TOP_MENU_RETURN_MUSIC_ID = 0x233d900
                0x02382820                        OVERLAY31_LOAD_ADDR = 0x2382820
                0x0238a140                        OVERLAY13_LOAD_ADDR = 0x238a140
                0x0238a140                        OVERLAY14_LOAD_ADDR = 0x238a140
                0x0238a140                        OVERLAY16_LOAD_ADDR = 0x238a140
                0x0238a140                        OVERLAY17_LOAD_ADDR = 0x238a140
                0x0238a140                        OVERLAY18_LOAD_ADDR = 0x238a140
                0x0238a140                        OVERLAY21_LOAD_ADDR = 0x238a140
                0x0238a140                        OVERLAY22_LOAD_ADDR = 0x238a140
                0x0238a140                        OVERLAY23_LOAD_ADDR = 0x238a140
                0x0238a140                        OVERLAY24_LOAD_ADDR = 0x238a140
                0x0238a140                        OVERLAY25_LOAD_ADDR = 0x238a140
                0x0238a140                        OVERLAY26_LOAD_ADDR = 0x238a140
                0x0238a140                        OVERLAY27_LOAD_ADDR = 0x238a140
                0x0238a140                        OVERLAY28_LOAD_ADDR = 0x238a140
                0x0238bb34                        ASSEMBLY_WINDOW_PARAMS_1 = 0x238bb34
                0x0238bb44                        ASSEMBLY_WINDOW_PARAMS_2 = 0x238bb44
                0x0238bb54                        ASSEMBLY_WINDOW_PARAMS_3 = 0x238bb54
                0x0238bb64                        ASSEMBLY_WINDOW_PARAMS_4 = 0x238bb64
                0x0238bb74                        ASSEMBLY_WINDOW_PARAMS_5 = 0x238bb74
                0x0238bb84                        ASSEMBLY_MENU_ITEMS_CONFIRM = 0x238bb84
                0x0238bb9c                        ASSEMBLY_MAIN_MENU_ITEMS_1 = 0x238bb9c
                0x0238bbb4                        ASSEMBLY_MAIN_MENU_ITEMS_2 = 0x238bbb4
                0x0238bbd4                        ASSEMBLY_SUBMENU_ITEMS_1 = 0x238bbd4
                0x0238bbfc                        ASSEMBLY_SUBMENU_ITEMS_2 = 0x238bbfc
                0x0238bc2c                        ASSEMBLY_SUBMENU_ITEMS_3 = 0x238bc2c
                0x0238bc5c                        ASSEMBLY_SUBMENU_ITEMS_4 = 0x238bc5c
                0x0238bc94                        ASSEMBLY_SUBMENU_ITEMS_5 = 0x238bc94
                0x0238bccc                        ASSEMBLY_SUBMENU_ITEMS_6 = 0x238bccc
                0x0238bd04                        ASSEMBLY_SUBMENU_ITEMS_7 = 0x238bd04
                0x0238bd44                        OVERLAY17_FUNCTION_POINTER_TABLE = 0x238bd44
                0x0238bdec                        OVERLAY17_RESERVED_SPACE = 0x238bdec
                0x0238be00                        OVERLAY17_UNKNOWN_POINTER__NA_238BE00 = 0x238be00
                0x0238be04                        OVERLAY17_UNKNOWN_POINTER__NA_238BE04 = 0x238be04
                0x0238be08                        OVERLAY17_UNKNOWN_POINTER__NA_238BE08 = 0x238be08
                0x022de620                        GetWeatherColorTable = 0x22de620
                0x022dea5c                        DungeonAlloc = 0x22dea5c
                0x022dea80                        GetDungeonPtrMaster = 0x22dea80
                0x022dea90                        DungeonZInit = 0x22dea90
                0x022deab0                        DungeonFree = 0x22deab0
                0x022def38                        RunDungeon = 0x22def38
                0x022e0354                        EntityIsValid = 0x22e0354
                0x022e03b0                        GetFloorType = 0x22e03b0
                0x022e0620                        TryForcedLoss = 0x22e0620
                0x022e0864                        IsBossFight = 0x22e0864
                0x022e0880                        IsCurrentFixedRoomBossFight = 0x22e0880
                0x022e08a0                        IsMarowakTrainingMaze = 0x22e08a0
                0x022e08cc                        FixedRoomIsSubstituteRoom = 0x22e08cc
                0x022e0928                        StoryRestrictionsEnabled = 0x22e0928
                0x022e095c                        GetScenarioBalanceVeneer = 0x22e095c
                0x022e0968                        FadeToBlack = 0x22e0968
                0x022e0cb8                        CheckTouchscreenArea = 0x22e0cb8
                0x022e1608                        GetTrapInfo = 0x22e1608
                0x022e1610                        GetItemInfo = 0x22e1610
                0x022e1628                        GetTileAtEntity = 0x22e1628
                0x022e1a40                        UpdateEntityPixelPos = 0x22e1a40
                0x022e1a84                        SetEntityPixelPosXY = 0x22e1a84
                0x022e1a90                        IncrementEntityPixelPosXY = 0x22e1a90
                0x022e20c0                        CreateEnemyEntity = 0x22e20c0
                0x022e2260                        SpawnTrap = 0x22e2260
                0x022e2314                        SpawnItemEntity = 0x22e2314
                0x022e2498                        ShouldMinimapDisplayEntity = 0x22e2498
                0x022e2574                        ShouldDisplayEntity = 0x22e2574
                0x022e272c                        ShouldDisplayEntityWrapper = 0x22e272c
                0x022e274c                        CanSeeTarget = 0x22e274c
                0x022e2810                        CanTargetEntity = 0x22e2810
                0x022e2954                        CanTargetPosition = 0x22e2954
                0x022e2978                        PopulateActiveMonsterPtrs = 0x22e2978
                0x022e2a38                        GetTeamMemberIndex = 0x22e2a38
                0x022e2ad8                        SubstitutePlaceholderStringTags = 0x22e2ad8
                0x022e2dd8                        UpdateMapSurveyorFlag = 0x22e2dd8
                0x022e2e54                        PointCameraToMonster = 0x22e2e54
                0x022e2ec4                        UpdateCamera = 0x22e2ec4
                0x022e330c                        ItemIsActive = 0x22e330c
                0x022e333c                        GetVisibilityRange = 0x22e333c
                0x022e3430                        RevealWholeFloor = 0x22e3430
                0x022e35e4                        PlayEffectAnimationEntity = 0x22e35e4
                0x022e37dc                        PlayEffectAnimationPos = 0x22e37dc
                0x022e3820                        PlayEffectAnimationPixelPos = 0x22e3820
                0x022e38e0                        AnimationDelayOrSomething = 0x22e38e0
                0x022e3ab4                        UpdateStatusIconFlags = 0x22e3ab4
                0x022e3dd8                        PlayQuestionMarkEffect = 0x22e3dd8
                0x022e3e24                        PlayExclamationPointEffect = 0x22e3e24
                0x022e4018                        PlayEffectAnimation0x171Full = 0x22e4018
                0x022e406c                        PlayEffectAnimation0x171 = 0x22e406c
                0x022e42e8                        PlayEffectAnimationEntityStandard = 0x22e42e8
                0x022e4964                        ShowPpRestoreEffect = 0x22e4964
                0x022e5ed0                        ShouldDisplayEntityAdvanced = 0x22e5ed0
                0x022e6130                        PlayEffectAnimation0x1A9 = 0x22e6130
                0x022e62a8                        PlayEffectAnimation0x29 = 0x22e62a8
                0x022e63d8                        PlayEffectAnimation0x18E = 0x22e63d8
                0x022e6fbc                        LoadMappaFileAttributes = 0x22e6fbc
                0x022e7ac4                        GetItemIdToSpawn = 0x22e7ac4
                0x022e7be8                        CopySpawnEntriesMaster = 0x22e7be8
                0x022e7c60                        MonsterSpawnListPartialCopy = 0x22e7c60
                0x022e7d4c                        IsOnMonsterSpawnList = 0x22e7d4c
                0x022e7da0                        GetMonsterIdToSpawn = 0x22e7da0
                0x022e7e58                        GetMonsterLevelToSpawn = 0x22e7e58
                0x022e7ec4                        AllocTopScreenStatus = 0x22e7ec4
                0x022e7f44                        FreeTopScreenStatus = 0x22e7f44
                0x022e8130                        InitializeTeamStats = 0x22e8130
                0x022e8190                        UpdateTeamStatsWrapper = 0x22e8190
                0x022e81e8                        FreeTeamStatsWrapper = 0x22e81e8
                0x022e86c8                        AssignTopScreenHandlers = 0x22e86c8
                0x022e886c                        HandleTopScreenFades = 0x22e886c
                0x022e8c4c                        FreeTopScreen = 0x22e8c4c
                0x022e9020                        GetDirectionTowardsPosition = 0x22e9020
                0x022e908c                        GetChebyshevDistance = 0x22e908c
                0x022e90cc                        IsPositionActuallyInSight = 0x22e90cc
                0x022e91a4                        IsPositionInSight = 0x22e91a4
                0x022e9580                        GetLeader = 0x22e9580
                0x022e9618                        GetLeaderMonster = 0x22e9618
                0x022e9628                        GetRandomTile = 0x22e9628
                0x022e9844                        FindNearbyUnoccupiedTile = 0x22e9844
                0x022e99f0                        FindClosestUnoccupiedTileWithin2 = 0x22e99f0
                0x022e9a0c                        FindFarthestUnoccupiedTileWithin2 = 0x22e9a0c
                0x022e9a28                        FindUnoccupiedTileWithin3 = 0x22e9a28
                0x022e9a44                        TickStatusTurnCounter = 0x22e9a44
                0x022e9fe0                        AdvanceFrame = 0x22e9fe0
                0x022ea718                        DisplayAnimatedNumbers = 0x22ea718
                0x022ea968                        SetDungeonRngPreseed23Bit = 0x22ea968
                0x022ea980                        GenerateDungeonRngSeed = 0x22ea980
                0x022ea9cc                        GetDungeonRngPreseed = 0x22ea9cc
                0x022ea9dc                        SetDungeonRngPreseed = 0x22ea9dc
                0x022ea9ec                        InitDungeonRng = 0x22ea9ec
                0x022eaa20                        DungeonRand16Bit = 0x22eaa20
                0x022eaa98                        DungeonRandInt = 0x22eaa98
                0x022eaac0                        DungeonRandRange = 0x22eaac0
                0x022eab20                        DungeonRandOutcome = 0x22eab20
                0x022eab80                        CalcStatusDuration = 0x22eab80
                0x022eac34                        DungeonRngUnsetSecondary = 0x22eac34
                0x022eac4c                        DungeonRngSetSecondary = 0x22eac4c
                0x022eac64                        DungeonRngSetPrimary = 0x22eac64
                0x022ead00                        MusicTableIdxToMusicId = 0x22ead00
                0x022eae14                        ChangeDungeonMusic = 0x22eae14
                0x022eb178                        TrySwitchPlace = 0x22eb178
                0x022eb3c8                        SetLeaderActionFields = 0x22eb3c8
                0x022eb3f4                        ClearMonsterActionFields = 0x22eb3f4
                0x022eb408                        SetMonsterActionFields = 0x22eb408
                0x022eb41c                        SetActionPassTurnOrWalk = 0x22eb41c
                0x022eb44c                        GetItemToUseByIndex = 0x22eb44c
                0x022eb54c                        GetItemToUse = 0x22eb54c
                0x022eb5d8                        GetItemAction = 0x22eb5d8
                0x022eb60c                        RemoveUsedItem = 0x22eb60c
                0x022eb81c                        AddDungeonSubMenuOption = 0x22eb81c
                0x022eb8f4                        DisableDungeonSubMenuOption = 0x22eb8f4
                0x022ebc50                        SetActionRegularAttack = 0x22ebc50
                0x022ebc74                        SetActionStruggle = 0x22ebc74
                0x022ebc98                        SetActionUseMovePlayer = 0x22ebc98
                0x022ebcbc                        SetActionUseMoveAi = 0x22ebcbc
                0x022ebd08                        RunFractionalTurn = 0x22ebd08
                0x022ec308                        RunLeaderTurn = 0x22ec308
                0x022ec6dc                        TrySpawnMonsterAndActivatePlusMinus = 0x22ec6dc
                0x022ec7e8                        IsFloorOver = 0x22ec7e8
                0x022ecb48                        DecrementWindCounter = 0x22ecb48
                0x022ecf44                        IsDungeonEndReasonFailure = 0x22ecf44
                0x022ed008                        SetForcedLossReason = 0x22ed008
                0x022ed01c                        GetForcedLossReason = 0x22ed01c
                0x022ed858                        BindTrapToTile = 0x22ed858
                0x022ed868                        AreLateGameTrapsEnabledWrapper = 0x22ed868
                0x022ed970                        SpawnEnemyTrapAtPos = 0x22ed970
                0x022edbd4                        PrepareTrapperTrap = 0x22edbd4
                0x022edc30                        CanLayTrap = 0x22edc30
                0x022edcbc                        TrySpawnTrap = 0x22edcbc
                0x022eddd4                        TrySpawnTrapperTrap = 0x22eddd4
                0x022ede7c                        TryRemoveTrap = 0x22ede7c
                0x022edfa0                        TryTriggerTrap = 0x22edfa0
                0x022ee36c                        ApplyMudTrapEffect = 0x22ee36c
                0x022ee434                        ApplyStickyTrapEffect = 0x22ee434
                0x022ee62c                        ApplyGrimyTrapEffect = 0x22ee62c
                0x022ee820                        ApplyPitfallTrapEffect = 0x22ee820
                0x022ee994                        ApplySummonTrapEffect = 0x22ee994
                0x022eea30                        ApplyPpZeroTrapEffect = 0x22eea30
                0x022eeb18                        ApplyPokemonTrapEffect = 0x22eeb18
                0x022eed2c                        ApplyTripTrapEffect = 0x22eed2c
                0x022eee50                        ApplyStealthRockTrapEffect = 0x22eee50
                0x022eeeec                        ApplyToxicSpikesTrapEffect = 0x22eeeec
                0x022eef40                        ApplyRandomTrapEffect = 0x22eef40
                0x022ef074                        ApplyGrudgeTrapEffect = 0x22ef074
                0x022ef154                        ApplyTrapEffect = 0x22ef154
                0x022ef5d8                        RevealTrapsNearby = 0x22ef5d8
                0x022ef9ec                        ShouldRunMonsterAi = 0x22ef9ec
                0x022efa6c                        DebugRecruitingEnabled = 0x22efa6c
                0x022efa74                        TryActivateIqBooster = 0x22efa74
                0x022efb04                        IsSecretBazaarNpcBehavior = 0x22efb04
                0x022f0b8c                        GetLeaderAction = 0x22f0b8c
                0x022f0bac                        GetEntityTouchscreenArea = 0x22f0bac
                0x022f0edc                        SetLeaderAction = 0x22f0edc
                0x022f308c                        ShouldLeaderKeepRunning = 0x22f308c
                0x022f3634                        CheckLeaderTile = 0x22f3634
                0x022f3934                        ChangeLeader = 0x22f3934
                0x022f42d8                        GetPlayerGender = 0x22f42d8
                0x022f45cc                        HandleHeldItemSwaps = 0x22f45cc
                0x022f52cc                        UseSingleUseItemWrapper = 0x22f52cc
                0x022f52f8                        UseSingleUseItem = 0x22f52f8
                0x022f54bc                        UseThrowableItem = 0x22f54bc
                0x022f6e18                        ResetDamageData = 0x22f6e18
                0x022f6f10                        FreeLoadedAttackSpriteAndMore = 0x22f6f10
                0x022f6f68                        SetAndLoadCurrentAttackAnimation = 0x22f6f68
                0x022f7008                        ClearLoadedAttackSprite = 0x22f7008
                0x022f7050                        GetLoadedAttackSpriteId = 0x22f7050
                0x022f7068                        DungeonGetTotalSpriteFileSize = 0x22f7068
                0x022f7388                        DungeonGetSpriteIndex = 0x22f7388
                0x022f73a8                        JoinedAtRangeCheck2Veneer = 0x22f73a8
                0x022f73b4                        FloorNumberIsEven = 0x22f73b4
                0x022f73ec                        GetKecleonIdToSpawnByFloor = 0x22f73ec
                0x022f740c                        StoreSpriteFileIndexBothGenders = 0x22f740c
                0x022f74d4                        LoadMonsterSpriteInner = 0x22f74d4
                0x022f75d4                        SwapMonsterWanFileIndex = 0x22f75d4
                0x022f7654                        LoadMonsterSprite = 0x22f7654
                0x022f7768                        DeleteMonsterSpriteFile = 0x22f7768
                0x022f7804                        DeleteAllMonsterSpriteFiles = 0x22f7804
                0x022f7f30                        HandleFaint = 0x22f7f30
                0x022f85f0                        MoveMonsterToPos = 0x22f85f0
                0x022f89cc                        CreateMonsterSummaryFromMonster = 0x22f89cc
                0x022f9144                        UpdateAiTargetPos = 0x22f9144
                0x022f9194                        SetMonsterTypeAndAbility = 0x22f9194
                0x022f923c                        TryActivateSlowStart = 0x22f923c
                0x022f92d8                        TryActivateArtificialWeatherAbilities = 0x22f92d8
                0x022f9408                        GetMonsterApparentId = 0x22f9408
                0x022f94f0                        TryActivateTraceAndColorChange = 0x22f94f0
                0x022f96cc                        DefenderAbilityIsActive = 0x22f96cc
                0x022f9720                        IsMonster = 0x22f9720
                0x022f9744                        TryActivateConversion2 = 0x22f9744
                0x022f97f0                        TryActivateTruant = 0x22f97f0
                0x022f98b4                        TryPointCameraToMonster = 0x22f98b4
                0x022f9970                        ReevaluateSnatchMonster = 0x22f9970
                0x022f99ec                        GetRandomExplorerMazeMonster = 0x22f99ec
                0x022f9a74                        RestorePpAllMovesSetFlags = 0x22f9a74
                0x022f9c40                        CheckTeamMemberIdxVeneer = 0x22f9c40
                0x022f9c68                        IsMonsterIdInNormalRangeVeneer = 0x22f9c68
                0x022fa144                        BoostIQ = 0x22fa144
                0x022fa430                        ShouldMonsterHeadToStairs = 0x22fa430
                0x022fa5f0                        MewSpawnCheck = 0x22fa5f0
                0x022fa7dc                        TryEndStatusWithAbility = 0x22fa7dc
                0x022fac98                        ExclusiveItemEffectIsActive = 0x22fac98
                0x022faff8                        GetTeamMemberWithIqSkill = 0x22faff8
                0x022fb064                        TeamMemberHasEnabledIqSkill = 0x22fb064
                0x022fb080                        TeamLeaderIqSkillIsEnabled = 0x22fb080
                0x022fb0a8                        CountMovesOutOfPp = 0x22fb0a8
                0x022fb10c                        HasSuperEffectiveMoveAgainstUser = 0x22fb10c
                0x022fb214                        TryEatItem = 0x22fb214
                0x022fb538                        SetDecoyAiTracker = 0x22fb538
                0x022fb5ec                        CheckSpawnThreshold = 0x22fb5ec
                0x022fb610                        HasLowHealth = 0x22fb610
                0x022fb678                        AreEntitiesAdjacent = 0x22fb678
                0x022fbad0                        IsSpecialStoryAlly = 0x22fbad0
                0x022fbaf0                        IsExperienceLocked = 0x22fbaf0
                0x022fbe58                        InitOtherMonsterData = 0x22fbe58
                0x022fbf58                        InitEnemySpawnStats = 0x22fbf58
                0x022fc234                        InitEnemyStatsAndMoves = 0x22fc234
                0x022fc50c                        SpawnTeam = 0x22fc50c
                0x022fcd78                        SpawnInitialMonsters = 0x22fcd78
                0x022fd084                        SpawnMonster = 0x22fd084
                0x022fd3b4                        InitTeamMember = 0x22fd3b4
                0x022fd9d4                        InitMonster = 0x22fd9d4
                0x022fddc0                        SubInitMonster = 0x22fddc0
                0x022fe198                        MarkShopkeeperSpawn = 0x22fe198
                0x022fe24c                        SpawnShopkeepers = 0x22fe24c
                0x022fe2fc                        GetMaxHpAtLevel = 0x22fe2fc
                0x022fe350                        GetOffensiveStatAtLevel = 0x22fe350
                0x022fe3b8                        GetDefensiveStatAtLevel = 0x22fe3b8
                0x022fe420                        GetOutlawSpawnData = 0x22fe420
                0x022fe4bc                        ExecuteMonsterAction = 0x22fe4bc
                0x022ff168                        TryActivateFlashFireOnAllMonsters = 0x22ff168
                0x022ff1c8                        HasStatusThatPreventsActing = 0x22ff1c8
                0x022ff62c                        GetMobilityTypeCheckSlip = 0x22ff62c
                0x022ff674                        GetMobilityTypeCheckSlipAndFloating = 0x22ff674
                0x022ff6c4                        IsInvalidSpawnTile = 0x22ff6c4
                0x022ff8c8                        GetMobilityTypeAfterIqSkills = 0x22ff8c8
                0x022ffc9c                        CannotStandOnTile = 0x22ffc9c
                0x022ffdf4                        CalcSpeedStage = 0x22ffdf4
                0x022fff4c                        CalcSpeedStageWrapper = 0x22fff4c
                0x022fff5c                        GetNumberOfAttacks = 0x22fff5c
                0x02300108                        GetMonsterDisplayNameType = 0x2300108
                0x02300164                        GetMonsterName = 0x2300164
                0x0200d634                        SprintfStatic = 0x23002c8
                0x023004b0                        IsMonsterDrowsy = 0x23004b0
                0x023004e4                        MonsterHasNonvolatileNonsleepStatus = 0x23004e4
                0x02300500                        MonsterHasImmobilizingStatus = 0x2300500
                0x02300520                        MonsterHasAttackInterferingStatus = 0x2300520
                0x0230053c                        MonsterHasSkillInterferingStatus = 0x230053c
                0x02300588                        MonsterHasLeechSeedStatus = 0x2300588
                0x023005a4                        MonsterHasWhifferStatus = 0x23005a4
                0x023005c0                        IsMonsterVisuallyImpaired = 0x23005c0
                0x023005fc                        IsMonsterMuzzled = 0x23005fc
                0x02300618                        MonsterHasMiracleEyeStatus = 0x2300618
                0x02300634                        MonsterHasNegativeStatus = 0x2300634
                0x023007a8                        IsMonsterSleeping = 0x23007a8
                0x02300818                        CheckVariousStatuses2 = 0x2300818
                0x02300b40                        CheckVariousConditions = 0x2300b40
                0x02300cb0                        CheckVariousStatuses = 0x2300cb0
                0x02300dcc                        MonsterCannotAttack = 0x2300dcc
                0x02300e78                        CanMonsterMoveInDirection = 0x2300e78
                0x02300f30                        GetDirectionalMobilityType = 0x2300f30
                0x02301118                        IsMonsterCornered = 0x2301118
                0x02301158                        CanMonsterMoveOrSwapWithAllyInDirection = 0x2301158
                0x02301234                        CanAttackInDirection = 0x2301234
                0x023012f8                        CanAiMonsterMoveInDirection = 0x23012f8
                0x023015b8                        ShouldMonsterRunAway = 0x23015b8
                0x023016a8                        ShouldMonsterRunAwayAndShowEffect = 0x23016a8
                0x023016a8                        ShouldMonsterRunAwayVariation = 0x23016a8
                0x023016d8                        DisplayRunAwayIfTriggered = 0x23016d8
                0x0230175c                        GetTreatmentBetweenMonsters = 0x230175c
                0x02301940                        SafeguardIsActive = 0x2301940
                0x02301994                        LeafGuardIsActive = 0x2301994
                0x02301b2c                        IsProtectedFromStatDrops = 0x2301b2c
                0x02301cdc                        NoGastroAcidStatus = 0x2301cdc
                0x02301d10                        AbilityIsActive = 0x2301d10
                0x02301d78                        AbilityIsActiveVeneer = 0x2301d78
                0x02301d84                        OtherMonsterAbilityIsActive = 0x2301d84
                0x02301e18                        LevitateIsActive = 0x2301e18
                0x02301e50                        MonsterIsType = 0x2301e50
                0x02301e88                        IsTypeAffectedByGravity = 0x2301e88
                0x02301eac                        HasTypeAffectedByGravity = 0x2301eac
                0x02301eec                        CanSeeInvisibleMonsters = 0x2301eec
                0x02301f20                        IsTacticSet = 0x2301f20
                0x02301f50                        HasDropeyeStatus = 0x2301f50
                0x02301f80                        IqSkillIsEnabled = 0x2301f80
                0x02301fbc                        UpdateIqSkills = 0x2301fbc
                0x0230227c                        GetMoveTypeForMonster = 0x230227c
                0x0230231c                        GetMovePower = 0x230231c
                0x02302368                        MonsterCanThrowItems = 0x2302368
                0x023023c0                        UpdateStateFlags = 0x23023c0
                0x02302430                        IsProtectedFromNegativeStatus = 0x2302430
                0x0230253c                        AddExpSpecial = 0x230253c
                0x023026fc                        EnemyEvolution = 0x23026fc
                0x02302a5c                        LevelUpItemEffect = 0x2302a5c
                0x02302f88                        TryDecreaseLevel = 0x2302f88
                0x0230303c                        LevelUp = 0x230303c
                0x02303b18                        GetMonsterMoves = 0x2303b18
                0x02303c7c                        EvolveMonster = 0x2303c7c
                0x023049a8                        ChangeMonsterAnimation = 0x23049a8
                0x02304ab4                        GetIdleAnimationId = 0x2304ab4
                0x02304b64                        DetermineAllMonsterShadow = 0x2304b64
                0x02304bac                        DetermineMonsterShadow = 0x2304bac
                0x02304fe0                        DisplayActions = 0x2304fe0
                0x02305694                        CheckNonLeaderTile = 0x2305694
                0x023058c4                        EndNegativeStatusCondition = 0x23058c4
                0x02305c28                        EndNegativeStatusConditionWrapper = 0x2305c28
                0x02305c3c                        TransferNegativeStatusCondition = 0x2305c3c
                0x02305fdc                        EndSleepClassStatus = 0x2305fdc
                0x023061a8                        EndBurnClassStatus = 0x23061a8
                0x02306258                        EndFrozenClassStatus = 0x2306258
                0x023063d4                        EndCringeClassStatus = 0x23063d4
                0x023064f4                        EndReflectClassStatus = 0x23064f4
                0x023066d8                        TryRemoveSnatchedMonsterFromDungeonStruct = 0x23066d8
                0x02306728                        EndCurseClassStatus = 0x2306728
                0x023068c4                        EndLeechSeedClassStatus = 0x23068c4
                0x02306950                        EndSureShotClassStatus = 0x2306950
                0x02306a00                        EndInvisibleClassStatus = 0x2306a00
                0x02306b28                        EndBlinkerClassStatus = 0x2306b28
                0x02306bf8                        EndMuzzledStatus = 0x2306bf8
                0x02306c64                        EndMiracleEyeStatus = 0x2306c64
                0x02306cd0                        EndMagnetRiseStatus = 0x2306cd0
                0x023078ec                        TransferNegativeBlinkerClassStatus = 0x23078ec
                0x02307bdc                        TryEndPetrifiedOrSleepStatus = 0x2307bdc
                0x02307c78                        EndFrozenStatus = 0x2307c78
                0x02307d18                        EndProtectStatus = 0x2307d18
                0x02307d54                        TryRestoreRoostTyping = 0x2307d54
                0x02307f4c                        TryTriggerMonsterHouse = 0x2307f4c
                0x023082a0                        ShouldMonsterFollowLeader = 0x23082a0
                0x02308340                        RunMonsterAi = 0x2308340
                0x0230863c                        ApplyDamageAndEffects = 0x230863c
                0x02308fe0                        ApplyDamage = 0x2308fe0
                0x0230aa0c                        AftermathCheck = 0x230aa0c
                0x0230aa8c                        GetTypeMatchupBothTypes = 0x230aa8c
                0x0230ab58                        ScrappyShouldActivate = 0x230ab58
                0x0230abf0                        IsTypeIneffectiveAgainstGhost = 0x230abf0
                0x0230ac04                        GhostImmunityIsActive = 0x230ac04
                0x0230ac58                        GetTypeMatchup = 0x230ac58
                0x0230ad04                        CalcTypeBasedDamageEffects = 0x230ad04
                0x0230bbac                        CalcDamage = 0x230bbac
                0x0230d11c                        ApplyDamageAndEffectsWrapper = 0x230d11c
                0x0230d18c                        CalcRecoilDamageFixed = 0x230d18c
                0x0230d240                        CalcDamageFixed = 0x230d240
                0x0230d3a8                        CalcDamageFixedNoCategory = 0x230d3a8
                0x0230d3f4                        CalcDamageFixedWrapper = 0x230d3f4
                0x0230d440                        UpdateShopkeeperModeAfterAttack = 0x230d440
                0x0230d47c                        UpdateShopkeeperModeAfterTrap = 0x230d47c
                0x0230d528                        ResetDamageCalcDiagnostics = 0x230d528
                0x0230db14                        SpecificRecruitCheck = 0x230db14
                0x0230dbd0                        RecruitCheck = 0x230dbd0
                0x0230e064                        TryRecruit = 0x230e064
                0x0230e6bc                        TrySpawnMonsterAndTickSpawnCounter = 0x230e6bc
                0x0230e914                        AiDecideUseItem = 0x230e914
                0x0230edb0                        GetPossibleAiThrownItemDirections = 0x230edb0
                0x0230f02c                        GetPossibleAiArcItemTargets = 0x230f02c
                0x0230f164                        TryNonLeaderItemPickUp = 0x230f164
                0x0230f654                        GetExclusiveItemWithEffectFromBag = 0x230f654
                0x0230f6c8                        AuraBowIsActive = 0x230f6c8
                0x0230f778                        ExclusiveItemOffenseBoost = 0x230f778
                0x0230f788                        ExclusiveItemDefenseBoost = 0x230f788
                0x0230f798                        TeamMemberHasItemActive = 0x230f798
                0x0230f840                        TeamMemberHasExclusiveItemEffectActive = 0x230f840
                0x0230f9d8                        TrySpawnEnemyItemDrop = 0x230f9d8
                0x0230fb90                        TickNoSlipCap = 0x230fb90
                0x02311088                        TickStatusAndHealthRegen = 0x2311088
                0x02311824                        InflictSleepStatusSingle = 0x2311824
                0x023118d8                        TryInflictSleepStatus = 0x23118d8
                0x023119e4                        IsProtectedFromSleepClassStatus = 0x23119e4
                0x02311c4c                        TryInflictNightmareStatus = 0x2311c4c
                0x02311d60                        TryInflictNappingStatus = 0x2311d60
                0x02311e70                        TryInflictYawningStatus = 0x2311e70
                0x02311f80                        TryInflictSleeplessStatus = 0x2311f80
                0x0231206c                        TryInflictPausedStatus = 0x231206c
                0x023121ac                        TryInflictInfatuatedStatus = 0x23121ac
                0x02312338                        TryInflictBurnStatus = 0x2312338
                0x02312618                        TryInflictBurnStatusWholeTeam = 0x2312618
                0x02312664                        TryInflictPoisonedStatus = 0x2312664
                0x0231293c                        TryInflictBadlyPoisonedStatus = 0x231293c
                0x02312bf8                        TryInflictFrozenStatus = 0x2312bf8
                0x02312e20                        TryInflictConstrictionStatus = 0x2312e20
                0x02312f78                        TryInflictShadowHoldStatus = 0x2312f78
                0x02313130                        TryInflictIngrainStatus = 0x2313130
                0x023131f4                        TryInflictWrappedStatus = 0x23131f4
                0x023133f0                        FreeOtherWrappedMonsters = 0x23133f0
                0x0231346c                        TryInflictPetrifiedStatus = 0x231346c
                0x023135fc                        LowerOffensiveStat = 0x23135fc
                0x02313814                        LowerDefensiveStat = 0x2313814
                0x0231399c                        BoostOffensiveStat = 0x231399c
                0x02313b08                        BoostDefensiveStat = 0x2313b08
                0x02313c74                        FlashFireShouldActivate = 0x2313c74
                0x02313ce4                        ActivateFlashFire = 0x2313ce4
                0x02313d40                        ApplyOffensiveStatMultiplier = 0x2313d40
                0x02313f64                        ApplyDefensiveStatMultiplier = 0x2313f64
                0x023140e4                        BoostHitChanceStat = 0x23140e4
                0x0231422c                        LowerHitChanceStat = 0x231422c
                0x023143e8                        TryInflictCringeStatus = 0x23143e8
                0x02314544                        TryInflictParalysisStatus = 0x2314544
                0x02314810                        BoostSpeed = 0x2314810
                0x0231493c                        BoostSpeedOneStage = 0x231493c
                0x02314954                        LowerSpeed = 0x2314954
                0x02314abc                        TrySealMove = 0x2314abc
                0x02314c2c                        BoostOrLowerSpeed = 0x2314c2c
                0x02314c8c                        ResetHitChanceStat = 0x2314c8c
                0x02314d40                        ExclusiveItemEffectIsActiveWithLogging = 0x2314d40
                0x02314e1c                        TryActivateQuickFeet = 0x2314e1c
                0x02314e60                        TryInflictTerrifiedStatus = 0x2314e60
                0x02314eb8                        TryInflictGrudgeStatus = 0x2314eb8
                0x02314f38                        TryInflictConfusedStatus = 0x2314f38
                0x0231516c                        TryInflictCoweringStatus = 0x231516c
                0x0231526c                        TryRestoreHp = 0x231526c
                0x023152e4                        TryIncreaseHp = 0x23152e4
                0x02315610                        RevealItems = 0x2315610
                0x023156a0                        RevealStairs = 0x23156a0
                0x0231575c                        RevealEnemies = 0x231575c
                0x023157ec                        TryInflictLeechSeedStatus = 0x23157ec
                0x02315a50                        TryInflictDestinyBondStatus = 0x2315a50
                0x02315b70                        TryInflictSureShotStatus = 0x2315b70
                0x02315c00                        TryInflictWhifferStatus = 0x2315c00
                0x02315ce8                        TryInflictSetDamageStatus = 0x2315ce8
                0x02315d84                        TryInflictFocusEnergyStatus = 0x2315d84
                0x02315e24                        TryInflictDecoyStatus = 0x2315e24
                0x023160dc                        TryInflictCurseStatus = 0x23160dc
                0x02316280                        TryInflictSnatchStatus = 0x2316280
                0x023163a8                        TryInflictTauntStatus = 0x23163a8
                0x023164d8                        TryInflictStockpileStatus = 0x23164d8
                0x0231657c                        TryInflictInvisibleStatus = 0x231657c
                0x0231662c                        TryInflictPerishSongStatus = 0x231662c
                0x02316720                        TryInflictEncoreStatus = 0x2316720
                0x023168d8                        TryDecreaseBelly = 0x23168d8
                0x02316bb0                        TryIncreaseBelly = 0x2316bb0
                0x02317124                        TryInflictMuzzledStatus = 0x2317124
                0x0231721c                        TryTransform = 0x231721c
                0x0231740c                        TryInflictMobileStatus = 0x231740c
                0x023174c8                        TryInflictExposedStatus = 0x23174c8
                0x02317648                        TryActivateIdentifyCondition = 0x2317648
                0x023176cc                        TryInflictBlinkerStatus = 0x23176cc
                0x023177e4                        IsBlinded = 0x23177e4
                0x02317844                        TryInflictCrossEyedStatus = 0x2317844
                0x0231795c                        TryInflictEyedropStatus = 0x231795c
                0x02317a0c                        TryInflictSlipStatus = 0x2317a0c
                0x02317af4                        TryInflictDropeyeStatus = 0x2317af4
                0x02317c20                        RestoreAllMovePP = 0x2317c20
                0x02317d58                        RestoreOneMovePP = 0x2317d58
                0x02317e88                        RestoreRandomMovePP = 0x2317e88
                0x02317f50                        ApplyProteinEffect = 0x2317f50
                0x02317fe4                        ApplyCalciumEffect = 0x2317fe4
                0x02318078                        ApplyIronEffect = 0x2318078
                0x0231810c                        ApplyZincEffect = 0x231810c
                0x023181a0                        TryInflictLongTossStatus = 0x23181a0
                0x02318210                        TryInflictPierceStatus = 0x2318210
                0x0231827c                        TryInflictGastroAcidStatus = 0x231827c
                0x023183c0                        SetAquaRingHealingCountdownTo4 = 0x23183c0
                0x023183e8                        ApplyAquaRingHealing = 0x23183e8
                0x0231845c                        TryInflictAquaRingStatus = 0x231845c
                0x02318508                        TryInflictLuckyChantStatus = 0x2318508
                0x023185a8                        TryInflictHealBlockStatus = 0x23185a8
                0x023186cc                        MonsterHasEmbargoStatus = 0x23186cc
                0x02318700                        LogItemBlockedByEmbargo = 0x2318700
                0x0231872c                        TryInflictEmbargoStatus = 0x231872c
                0x02318850                        TryInflictMiracleEyeStatus = 0x2318850
                0x02318984                        TryInflictMagnetRiseStatus = 0x2318984
                0x02318a4c                        IsFloating = 0x2318a4c
                0x02318e70                        TryInflictSafeguardStatus = 0x2318e70
                0x02318f10                        TryInflictMistStatus = 0x2318f10
                0x02318fac                        TryInflictWishStatus = 0x2318fac
                0x0231904c                        TryInflictMagicCoatStatus = 0x231904c
                0x023190ec                        TryInflictLightScreenStatus = 0x23190ec
                0x0231918c                        TryInflictReflectStatus = 0x231918c
                0x0231922c                        TryInflictProtectStatus = 0x231922c
                0x023192dc                        TryInflictMirrorCoatStatus = 0x23192dc
                0x02319378                        TryInflictEndureStatus = 0x2319378
                0x02319418                        TryInflictMirrorMoveStatus = 0x2319418
                0x023194b8                        TryInflictConversion2Status = 0x23194b8
                0x02319584                        TryInflictVitalThrowStatus = 0x2319584
                0x02319624                        TryResetStatChanges = 0x2319624
                0x02319748                        MirrorMoveIsActive = 0x2319748
                0x023197cc                        MistIsActive = 0x23197cc
                0x02319814                        Conversion2IsActive = 0x2319814
                0x0231985c                        ResetAiCanAttackInDirection = 0x231985c
                0x02319880                        AiConsiderMove = 0x2319880
                0x02319fb0                        TryAddTargetToAiTargetList = 0x2319fb0
                0x0231a0a4                        IsAiTargetEligible = 0x231a0a4
                0x0231a364                        WeightMoveWithIqSkills = 0x231a364
                0x0231a460                        TargetRegularAttack = 0x231a460
                0x0231a694                        IsTargetInRange = 0x231a694
                0x0231a7a0                        ShouldUsePp = 0x231a7a0
                0x0231acac                        GetEntityMoveTargetAndRange = 0x231acac
                0x0231ae90                        GetEntityNaturalGiftInfo = 0x231ae90
                0x0231af0c                        GetEntityWeatherBallType = 0x231af0c
                0x0231b060                        ActivateMotorDrive = 0x231b060
                0x0231b0a4                        TryActivateFrisk = 0x231b0a4
                0x0231b1b8                        TryActivateBadDreams = 0x231b1b8
                0x0231b33c                        ActivateStench = 0x231b33c
                0x0231b364                        TryActivateSteadfast = 0x231b364
                0x0231b3fc                        IsInSpawnList = 0x231b3fc
                0x0231b4ec                        ChangeShayminForme = 0x231b4ec
                0x0231b68c                        ApplyItemEffect = 0x231b68c
                0x0231cbec                        ApplyCheriBerryEffect = 0x231cbec
                0x0231cc18                        ApplyPechaBerryEffect = 0x231cc18
                0x0231cc4c                        ApplyRawstBerryEffect = 0x231cc4c
                0x0231cc94                        ApplyHungerSeedEffect = 0x231cc94
                0x0231cd80                        ApplyVileSeedEffect = 0x231cd80
                0x0231ce1c                        ApplyViolentSeedEffect = 0x231ce1c
                0x0231ce68                        ApplyGinsengEffect = 0x231ce68
                0x0231cf84                        ApplyBlastSeedEffect = 0x231cf84
                0x0231d0c0                        ApplyGummiBoostsDungeonMode = 0x231d0c0
                0x0231d4a4                        CanMonsterUseItem = 0x231d4a4
                0x0231d534                        ApplyGrimyFoodEffect = 0x231d534
                0x0231d680                        ApplyMixElixirEffect = 0x231d680
                0x0231d6e0                        ApplyDoughSeedEffect = 0x231d6e0
                0x0231d74c                        ApplyViaSeedEffect = 0x231d74c
                0x0231d7c0                        ApplyGravelyrockEffect = 0x231d7c0
                0x0231d838                        ApplyGonePebbleEffect = 0x231d838
                0x0231d9c0                        ApplyGracideaEffect = 0x231d9c0
                0x0231e05c                        GetAiUseItemProbability = 0x231e05c
                0x0231e8f0                        IsAdjacentToEnemy = 0x231e8f0
                0x0231e990                        ShouldTryEatItem = 0x231e990
                0x0231e9f0                        GetMaxPpWrapper = 0x231e9f0
                0x0231ea18                        MoveIsNotPhysical = 0x231ea18
                0x0231ea30                        CategoryIsNotPhysical = 0x231ea30
                0x0231f594                        TryDrought = 0x231f594
                0x0231fc20                        TryPounce = 0x231fc20
                0x0231fde0                        TryBlowAway = 0x231fde0
                0x02320448                        TryExplosion = 0x2320448
                0x02320788                        TryAftermathExplosion = 0x2320788
                0x02320d08                        TryWarp = 0x2320d08
                0x02321104                        EnsureCanStandCurrentTile = 0x2321104
                0x02321a78                        TryActivateNondamagingDefenderAbility = 0x2321a78
                0x02321cf0                        TryActivateNondamagingDefenderExclusiveItem = 0x2321cf0
                0x023222a4                        GetMoveRangeDistance = 0x23222a4
                0x02323c48                        MoveHitCheck = 0x2323c48
                0x02324030                        BuildMoveTargetList = 0x2324030
                0x02324534                        IsHyperBeamVariant = 0x2324534
                0x023245a4                        IsChargingTwoTurnMove = 0x23245a4
                0x0232461c                        IsChargingAnyTwoTurnMove = 0x232461c
                0x02324798                        HasMaxGinsengBoost99 = 0x2324798
                0x02324854                        TwoTurnMoveForcedMiss = 0x2324854
                0x02324934                        DungeonRandOutcomeUserTargetInteraction = 0x2324934
                0x02324a20                        DungeonRandOutcomeUserAction = 0x2324a20
                0x02324a74                        CanAiUseMove = 0x2324a74
                0x02324b24                        CanMonsterUseMove = 0x2324b24
                0x02324d8c                        UpdateMovePp = 0x2324d8c
                0x02324e44                        GetDamageSourceWrapper = 0x2324e44
                0x02324e64                        LowerSshort = 0x2324e64
                0x023256b4                        PlayMoveAnimation = 0x23256b4
                0x02325b10                        GetMoveAnimationId = 0x2325b10
                0x02325c78                        ShouldMovePlayAlternativeAnimation = 0x2325c78
                0x0232e864                        ExecuteMoveEffect = 0x232e864
                0x02332a70                        DoMoveDamageInlined = 0x2332a70
                0x02332b20                        DealDamage = 0x2332b20
                0x02332bb8                        DealDamageWithTypeAndPowerBoost = 0x2332bb8
                0x02332c4c                        DealDamageProjectile = 0x2332c4c
                0x02332cdc                        DealDamageWithType = 0x2332cdc
                0x02332d6c                        PerformDamageSequence = 0x2332d6c
                0x02332fc8                        CanHitWithRegularAttack = 0x2332fc8
                0x02333074                        StatusCheckerCheck = 0x2333074
                0x02333fd0                        StatusCheckerCheckOnTarget = 0x2333fd0
                0x02334cac                        HasLastUsedMove = 0x2334cac
                0x02334d08                        GetApparentWeather = 0x2334d08
                0x02335170                        TryWeatherFormChange = 0x2335170
                0x0233544c                        ActivateSportCondition = 0x233544c
                0x023354c4                        TryActivateWeather = 0x23354c4
                0x02335670                        DigitCount = 0x2335670
                0x023356c0                        LoadTextureUi = 0x23356c0
                0x02335880                        DisplayNumberTextureUi = 0x2335880
                0x02335988                        DisplayCharTextureUi = 0x2335988
                0x02335a10                        DisplayUi = 0x2335a10
                0x023360fc                        GetTile = 0x23360fc
                0x02336164                        GetTileSafe = 0x2336164
                0x023361d4                        IsFullFloorFixedRoom = 0x23361d4
                0x02336204                        IsCurrentTilesetBackground = 0x2336204
                0x02336224                        TrySpawnGoldenChamber = 0x2336224
                0x02336260                        CountItemsOnFloorForAcuteSniffer = 0x2336260
                0x023363c0                        GetStairsSpawnPosition = 0x23363c0
                0x023363ec                        PositionIsOnStairs = 0x23363ec
                0x02336428                        GetStairsRoom = 0x2336428
                0x02336450                        GetDefaultTileTextureId = 0x2336450
                0x02336a4c                        DetermineAllTilesWalkableNeighbors = 0x2336a4c
                0x02336a84                        DetermineTileWalkableNeighbors = 0x2336a84
                0x02336f4c                        UpdateTrapsVisibility = 0x2336f4c
                0x02337428                        DrawTileGrid = 0x2337428
                0x0233779c                        HideTileGrid = 0x233779c
                0x02337a3c                        DiscoverMinimap = 0x2337a3c
                0x02337b2c                        PositionHasItem = 0x2337b2c
                0x02337b68                        PositionHasMonster = 0x2337b68
                0x02337b9c                        TrySmashWall = 0x2337b9c
                0x02337e2c                        IsTileGround = 0x2337e2c
                0x02337e94                        IsWaterTileset = 0x2337e94
                0x02337f98                        GetRandomSpawnMonsterID = 0x2337f98
                0x02338288                        NearbyAllyIqSkillIsEnabled = 0x2338288
                0x0233836c                        ResetGravity = 0x233836c
                0x02338390                        GravityIsActive = 0x2338390
                0x023383bc                        TryActivateGravity = 0x23383bc
                0x023384c0                        ShouldBoostKecleonShopSpawnChance = 0x23384c0
                0x023384d8                        SetShouldBoostKecleonShopSpawnChance = 0x23384d8
                0x023384f0                        UpdateShouldBoostKecleonShopSpawnChance = 0x23384f0
                0x02338530                        GetDoughSeedFlag = 0x2338530
                0x02338548                        SetDoughSeedFlag = 0x2338548
                0x02338560                        TrySpawnDoughSeedPoke = 0x2338560
                0x023385c4                        IsSecretBazaar = 0x23385c4
                0x023385ec                        ShouldBoostHiddenStairsSpawnChance = 0x23385ec
                0x02338604                        SetShouldBoostHiddenStairsSpawnChance = 0x2338604
                0x0233861c                        UpdateShouldBoostHiddenStairsSpawnChance = 0x233861c
                0x0233865c                        IsSecretRoom = 0x233865c
                0x02338684                        IsSecretFloor = 0x2338684
                0x023386b0                        GetCurrentHiddenStairsType = 0x23386b0
                0x023386d8                        HiddenStairsPresent = 0x23386d8
                0x02338708                        PositionIsOnHiddenStairs = 0x2338708
                0x02338794                        HiddenStairsTrigger = 0x2338794
                0x02338850                        GetHiddenStairsField = 0x2338850
                0x02338868                        SetHiddenStairsField = 0x2338868
                0x02338880                        GetHiddenFloorField = 0x2338880
                0x02338898                        SetHiddenFloorField = 0x2338898
                0x023388b0                        LoadWeather3DFiles = 0x23388b0
                0x02338ac4                        RenderWeather3D = 0x2338ac4
                0x02339118                        GetMinimapData = 0x2339118
                0x023391ec                        DrawMinimapTile = 0x23391ec
                0x02339a24                        FlashLeaderIcon = 0x2339a24
                0x02339ce8                        UpdateMinimap = 0x2339ce8
                0x0233a218                        SetMinimapDataE447 = 0x233a218
                0x0233a230                        SetMinimapDataE448 = 0x233a230
                0x0233a290                        InitWeirdMinimapMatrix = 0x233a290
                0x0233a2f0                        InitMinimapDisplayTile = 0x233a2f0
                0x0233a624                        LoadFixedRoomDataVeneer = 0x233a624
                0x0233a630                        UnloadFixedRoomData = 0x233a630
                0x0233a654                        IsNormalFloor = 0x233a654
                0x0233a6d8                        GenerateFloor = 0x233a6d8
                0x0233ae78                        GetTileTerrain = 0x233ae78
                0x0233ae84                        DungeonRand100 = 0x233ae84
                0x0233ae94                        ClearHiddenStairs = 0x233ae94
                0x0233af0c                        FlagHallwayJunctions = 0x233af0c
                0x0233b028                        GenerateStandardFloor = 0x233b028
                0x0233b190                        GenerateOuterRingFloor = 0x233b190
                0x0233b61c                        GenerateCrossroadsFloor = 0x233b61c
                0x0233ba7c                        GenerateLineFloor = 0x233ba7c
                0x0233bbdc                        GenerateCrossFloor = 0x233bbdc
                0x0233bd74                        GenerateBeetleFloor = 0x233bd74
                0x0233bf30                        MergeRoomsVertically = 0x233bf30
                0x0233c07c                        GenerateOuterRoomsFloor = 0x233c07c
                0x0233c310                        IsNotFullFloorFixedRoom = 0x233c310
[...]
                0x0232b7c0                        DoMoveMagicCoat = 0x232b7c0
                0x0232b7d0                        DoMoveProtect = 0x232b7d0
                0x0232b7e0                        DoMoveDefenseCurl = 0x232b7e0
                0x0232b800                        DoMoveDecoy = 0x232b800
                0x0232b820                        DoMoveMistBall = 0x232b820
                0x0232b8a0                        DoMoveDestinyBond = 0x232b8a0
                0x0232b8d4                        DoMoveMirrorCoat = 0x232b8d4
                0x0232b8e4                        DoMoveCalmMind = 0x232b8e4
                0x0232b928                        DoMoveHiddenPower = 0x232b928
                0x0232b940                        DoMoveMetalClaw = 0x232b940
                0x0232b9d0                        DoMoveAttract = 0x232b9d0
                0x0232ba44                        DoMoveCopycat = 0x232ba44
                0x0232bb4c                        DoMoveFrustration = 0x232bb4c
                0x0232bc34                        DoMoveLeechSeed = 0x232bc34
                0x0232bc64                        DoMoveMetronome = 0x232bc64
                0x0232bcc4                        DoMoveDreamEater = 0x232bcc4
                0x0232be34                        DoMoveSnatch = 0x232be34
                0x0232be44                        DoMoveRecycle = 0x232be44
                0x0232bf78                        DoMoveReflect = 0x232bf78
                0x0232bf88                        DoMoveDragonRage = 0x232bf88
                0x0232c028                        DoMoveDragonDance = 0x232c028
                0x0232c064                        DoMoveSkullBash = 0x232c064
                0x0232c0f4                        DoMoveDamageLowerSpecialDefense50 = 0x232c0f4
                0x0232c1a4                        DoMoveStruggle = 0x232c1a4
                0x0232c27c                        DoMoveRockSmash = 0x232c27c
                0x0232c300                        DoMoveSeeTrap = 0x232c300
                0x0232c310                        DoMoveTakeaway = 0x232c310
                0x0232c524                        DoMoveRebound = 0x232c524
                0x0232c538                        DoMoveSwitchPositions = 0x232c538
                0x0232c560                        DoMoveStayAway = 0x232c560
                0x0232c578                        DoMoveCleanse = 0x232c578
                0x0232c6b4                        DoMoveSiesta = 0x232c6b4
                0x0232c6f0                        DoMoveTwoEdge = 0x232c6f0
                0x0232c818                        DoMoveNoMove = 0x232c818
                0x0232c82c                        DoMoveScan = 0x232c82c
                0x0232c83c                        DoMovePowerEars = 0x232c83c
                0x0232c84c                        DoMoveTransfer = 0x232c84c
                0x0232ca14                        DoMoveSlowDown = 0x232ca14
                0x0232ca2c                        DoMoveSearchlight = 0x232ca2c
                0x0232ca3c                        DoMovePetrify = 0x232ca3c
                0x0232ca4c                        DoMovePounce = 0x232ca4c
                0x0232ca60                        DoMoveTrawl = 0x232ca60
                0x0232ca70                        DoMoveEscape = 0x232ca70
                0x0232cb08                        DoMoveDrought = 0x232cb08
                0x0232cb18                        DoMoveTrapBuster = 0x232cb18
                0x0232ccc4                        DoMoveWildCall = 0x232ccc4
                0x0232cd90                        DoMoveInvisify = 0x232cd90
                0x0232cda4                        DoMoveOneShot = 0x232cda4
                0x0232ce40                        DoMoveHpGauge = 0x232ce40
                0x0232ce50                        DoMoveVacuumCut = 0x232ce50
                0x0232ce7c                        DoMoveReviver = 0x232ce7c
                0x0232ce94                        DoMoveShocker = 0x232ce94
                0x0232ceac                        DoMoveEcho = 0x232ceac
                0x0232cf54                        DoMoveFamish = 0x232cf54
                0x0232cf74                        DoMoveOneRoom = 0x232cf74
                0x0232cf84                        DoMoveFillIn = 0x232cf84
                0x0232d0f0                        DoMoveTrapper = 0x232d0f0
                0x0232d148                        DoMoveItemize = 0x232d148
                0x0232d1dc                        DoMoveHurl = 0x232d1dc
                0x0232d1ec                        DoMoveMobile = 0x232d1ec
                0x0232d1fc                        DoMoveSeeStairs = 0x232d1fc
                0x0232d20c                        DoMoveLongToss = 0x232d20c
                0x0232d21c                        DoMovePierce = 0x232d21c
                0x0232d22c                        DoMoveHammerArm = 0x232d22c
                0x0232d270                        DoMoveAquaRing = 0x232d270
                0x0232d280                        DoMoveGastroAcid = 0x232d280
                0x0232d298                        DoMoveHealingWish = 0x232d298
                0x0232d2e8                        DoMoveCloseCombat = 0x232d2e8
                0x0232d368                        DoMoveLuckyChant = 0x232d368
                0x0232d378                        DoMoveGuardSwap = 0x232d378
                0x0232d3d8                        DoMoveHealOrder = 0x232d3d8
                0x0232d400                        DoMoveHealBlock = 0x232d400
                0x0232d418                        DoMoveThunderFang = 0x232d418
                0x0232d4ac                        DoMoveDefog = 0x232d4ac
                0x0232d560                        DoMoveTrumpCard = 0x232d560
                0x0232d620                        DoMoveIceFang = 0x232d620
                0x0232d6b0                        DoMovePsychoShift = 0x232d6b0
                0x0232d6d0                        DoMoveEmbargo = 0x232d6d0
                0x0232d6e8                        DoMoveBrine = 0x232d6e8
                0x0232d738                        DoMoveNaturalGift = 0x232d738
                0x0232d7f8                        DoMoveGyroBall = 0x232d7f8
                0x0232d860                        DoMoveShadowForce = 0x232d860
                0x0232d8fc                        DoMoveGravity = 0x232d8fc
                0x0232d90c                        DoMoveStealthRock = 0x232d90c
                0x0232d97c                        DoMoveChargeBeam = 0x232d97c
                0x0232d9e4                        DoMoveDamageEatItem = 0x232d9e4
                0x0232dad0                        DoMoveAcupressure = 0x232dad0
                0x0232dc54                        DoMoveMagnetRise = 0x232dc54
                0x0232dc64                        DoMoveToxicSpikes = 0x232dc64
                0x0232dcd4                        DoMoveLastResort = 0x232dcd4
                0x0232dd78                        DoMoveTrickRoom = 0x232dd78
                0x0232ddac                        DoMoveWorrySeed = 0x232ddac
                0x0232de84                        DoMoveDamageHpDependent = 0x232de84
                0x0232df38                        DoMoveHeartSwap = 0x232df38
                0x0232dfc8                        DoMoveRoost = 0x232dfc8
                0x0232e084                        DoMovePowerSwap = 0x232e084
                0x0232e0e4                        DoMovePowerTrick = 0x232e0e4
                0x0232e0f8                        DoMoveFeint = 0x232e0f8
                0x0232e130                        DoMoveFlareBlitz = 0x232e130
                0x0232e274                        DoMoveDefendOrder = 0x232e274
                0x0232e2b8                        DoMoveFireFang = 0x232e2b8
                0x0232e368                        DoMoveLunarDance = 0x232e368
                0x0232e3d0                        DoMoveMiracleEye = 0x232e3d0
                0x0232e400                        DoMoveWakeUpSlap = 0x232e400
                0x0232e48c                        DoMoveMetalBurst = 0x232e48c
                0x0232e4a0                        DoMoveHeadSmash = 0x232e4a0
                0x0232e560                        DoMoveCaptivate = 0x232e560
                0x0232e624                        DoMoveLeafStorm = 0x232e624
                0x0232e67c                        DoMoveDracoMeteor = 0x232e67c
                0x0232e6e0                        DoMoveRockPolish = 0x232e6e0
                0x0232e714                        DoMoveNastyPlot = 0x232e714
                0x0232e734                        DoMoveTag0x1AB = 0x232e734
                0x0232e750                        DoMoveTag0x1A6 = 0x232e750
                0x0232e794                        DoMoveTag0x1A7 = 0x232e794
                0x02327644                        MAX_HP_CAP_MOVE_EFFECTS = 0x2327644
                0x0232e3cc                        LUNAR_DANCE_PP_RESTORATION = 0x232e3cc
                0x022dddd4                        OpcodeCheck = 0x22dddd4
                0x022ddd8c                        GetParameterCount = 0x22ddd8c
                0x022e246c                        ScriptEngineReturnTwo = 0x22e246c
                0x022e60f0                        ScriptMenuRequestDefaultCase = 0x22e60f0
                0x022e68ac                        ScriptMenuRequestFinalize = 0x22e68ac
                0x022e68f8                        ScriptMenuUpdateDefaultCase = 0x22e68f8
                0x022e6e58                        ScriptMenuUpdateFinalize = 0x22e6e58
                0x02324c9c                        IS_BASE_GAME_MENU_FINISHED = 0x2324c9c
                0x0232e864                        ApplyMoveEffect = 0x232e864
                0x0232f8a4                        ApplyMoveEffectHookAddr = 0x232f8a4
                0x023326cc                        ApplyMoveEffectJumpAddr = 0x23326cc
                0x0231b9d8                        ApplyItemEffectHookAddr = 0x231b9d8
                0x0231cb14                        ApplyItemEffectJumpAddr = 0x231cb14
                0x02036914                        ShowKeyboardTypeCase3 = 0x2036914
                0x02036a40                        ShowKeyboardTypeDefaultCase = 0x2036a40
                0x02036cac                        ShowKeyboardReturn = 0x2036cac
                0x02039400                        PreprocessStringFromIdCallsite = 0x2039400
                0x020585dc                        CHANGE_GIRATINA_FORM_HOOK = 0x20585dc
                0x02058678                        REVERT_GIRATINA_AND_SHAYMIN_FORM_HOOK = 0x2058678
                0x0230c040                        CALC_DAMAGE_FORM_OFFENSE_HOOK = 0x230c040
                0x0230c134                        CALC_DAMAGE_FORM_DEFENSE_HOOK = 0x230c134
                0x023110ac                        HOOK_DUNGEON_FORM_CHANGE_1 = 0x23110ac
                0x022fd764                        HOOK_DUNGEON_FORM_CHANGE_2 = 0x22fd764
                0x0234b294                        UnknownFunction1 = 0x234b294
                0x02304830                        UnknownFunction2 = 0x2304830
                0x022e65f4                        TransformationVFX = 0x22e65f4
                0x022f9ea0                        UnknownFunction3 = 0x22f9ea0

.text.ov.36.main
                0x023d7ff0      0x9cc
 *(.init)
 *(.text)
 .text          0x023d7ff0      0x1d8 /tmp/ccIq2b8S.ltrans0.ltrans.o
                0x023d7ff0                CustomGetMovePower
                0x023d8040                cotInternalDispatchApplyItemEffect
                0x023d80c4                cotInternalDispatchApplyMoveEffect
                0x023d8160                cotInternalDispatchScriptSpecialProcessCall
 .text          0x023d81c8      0x604 species_transformation.o
 *fill*         0x023d87cc        0x4 ff
 .text          0x023d87d0       0xa4 trampolines.o
 *(.text.*)
 *(.fini)
 *(.ctors)
 *(.dtors)
 *(.rodata)
 *(.rodata.*)
 .rodata.str1.4
                0x023d8874      0x147 /tmp/ccIq2b8S.ltrans0.ltrans.o
 *(.data)
 .data          0x023d89bb        0x0 /tmp/ccIq2b8S.ltrans0.ltrans.o
 .data          0x023d89bb        0x0 species_transformation.o
 .data          0x023d89bb        0x0 trampolines.o
 *(.data.*)
 *(COMMON)
                0x023d89bc                        . = ALIGN (0x4)
 *fill*         0x023d89bb        0x1 ff
 *(.bss)
 .bss           0x023d89bc        0x0 /tmp/ccIq2b8S.ltrans0.ltrans.o
 .bss           0x023d89bc        0x0 species_transformation.o
 .bss           0x023d89bc        0x0 trampolines.o
OUTPUT(/home/lappy/THE2/team-hack-event-2-patches/out.elf elf32-littlearm)
LOAD linker stubs

.glue_7         0x023d89bc        0x0
 .glue_7        0x023d89bc        0x0 linker stubs

.glue_7t        0x023d89bc        0x0
 .glue_7t       0x023d89bc        0x0 linker stubs

.vfp11_veneer   0x023d89bc        0x0
 .vfp11_veneer  0x023d89bc        0x0 linker stubs

.v4_bx          0x023d89bc        0x0
 .v4_bx         0x023d89bc        0x0 linker stubs

.iplt           0x023d89bc        0x0
 .iplt          0x023d89bc        0x0 species_transformation.o

.igot.plt       0x023d89bc        0x0
 .igot.plt      0x023d89bc        0x0 species_transformation.o

.rel.dyn        0x023d89bc        0x0
 .rel.iplt      0x023d89bc        0x0 species_transformation.o

.debug_info     0x00000000    0x1ac3d
 .debug_info    0x00000000      0x502 /tmp/ccIq2b8S.ltrans0.ltrans.o
 .debug_info    0x00000502       0x65 /tmp/ccHZ54Tp.debug.temp.o
                0x00000502                ground_instructions.c.7f009dae
 .debug_info    0x00000567     0x86b0 /tmp/cceufLJn.debug.temp.o
                0x00000567                item_effects.c.129ac4a4
 .debug_info    0x00008c17     0x37c0 /tmp/ccpFzGqd.debug.temp.o
                0x00008c17                main.c.8ca171cc
 .debug_info    0x0000c3d7       0x65 /tmp/cc5NlYTP.debug.temp.o
                0x0000c3d7                menus.c.6bb46ab1
 .debug_info    0x0000c43c     0x8706 /tmp/cc46TCZJ.debug.temp.o
                0x0000c43c                move_effects.c.fbe65a05
 .debug_info    0x00014b42      0x10e /tmp/ccy3IkPc.debug.temp.o
                0x00014b42                special_processes.c.a61dad36
 .debug_info    0x00014c50     0x5ed9 /tmp/ccnjts7l.debug.temp.o
                0x00014c50                effects.c.0ce19177
 .debug_info    0x0001ab29       0x65 /tmp/ccJTLZB8.debug.temp.o
                0x0001ab29                instruction_hooks.c.259789b9
 .debug_info    0x0001ab8e       0x65 /tmp/ccgTPWVs.debug.temp.o
                0x0001ab8e                menu_hooks.c.1989da23
 .debug_info    0x0001abf3       0x25 species_transformation.o
 .debug_info    0x0001ac18       0x25 trampolines.o

.debug_abbrev   0x00000000      0x9a4
 .debug_abbrev  0x00000000       0xeb /tmp/ccIq2b8S.ltrans0.ltrans.o
 .debug_abbrev  0x000000eb       0x26 /tmp/ccHZ54Tp.debug.temp.o
 .debug_abbrev  0x00000111      0x205 /tmp/cceufLJn.debug.temp.o
 .debug_abbrev  0x00000316      0x1b4 /tmp/ccpFzGqd.debug.temp.o
 .debug_abbrev  0x000004ca       0x26 /tmp/cc5NlYTP.debug.temp.o
 .debug_abbrev  0x000004f0      0x1f8 /tmp/cc46TCZJ.debug.temp.o
 .debug_abbrev  0x000006e8       0x92 /tmp/ccy3IkPc.debug.temp.o
 .debug_abbrev  0x0000077a      0x1b6 /tmp/ccnjts7l.debug.temp.o
 .debug_abbrev  0x00000930       0x26 /tmp/ccJTLZB8.debug.temp.o
 .debug_abbrev  0x00000956       0x26 /tmp/ccgTPWVs.debug.temp.o
 .debug_abbrev  0x0000097c       0x14 species_transformation.o
 .debug_abbrev  0x00000990       0x14 trampolines.o

.debug_loclists
                0x00000000      0x56e
 .debug_loclists
                0x00000000      0x56e /tmp/ccIq2b8S.ltrans0.ltrans.o

.debug_aranges  0x00000000       0x60
 .debug_aranges
                0x00000000       0x20 /tmp/ccIq2b8S.ltrans0.ltrans.o
 .debug_aranges
                0x00000020       0x20 species_transformation.o
 .debug_aranges
                0x00000040       0x20 trampolines.o

.debug_rnglists
                0x00000000       0x51
 .debug_rnglists
                0x00000000       0x51 /tmp/ccIq2b8S.ltrans0.ltrans.o

.debug_line     0x00000000      0x80c
 .debug_line    0x00000000      0x2c2 /tmp/ccIq2b8S.ltrans0.ltrans.o
 .debug_line    0x000002c2       0x31 /tmp/ccHZ54Tp.debug.temp.o
 .debug_line    0x000002f3       0x7f /tmp/cceufLJn.debug.temp.o
 .debug_line    0x00000372       0x8d /tmp/ccpFzGqd.debug.temp.o
 .debug_line    0x000003ff       0x31 /tmp/cc5NlYTP.debug.temp.o
 .debug_line    0x00000430       0x88 /tmp/cc46TCZJ.debug.temp.o
 .debug_line    0x000004b8       0x4c /tmp/ccy3IkPc.debug.temp.o
 .debug_line    0x00000504       0x88 /tmp/ccnjts7l.debug.temp.o
 .debug_line    0x0000058c       0x31 /tmp/ccJTLZB8.debug.temp.o
 .debug_line    0x000005bd       0x31 /tmp/ccgTPWVs.debug.temp.o
 .debug_line    0x000005ee      0x1b0 species_transformation.o
 .debug_line    0x0000079e       0x6e trampolines.o

.debug_str      0x00000000    0x13545
 .debug_str     0x00000000      0x153 /tmp/ccIq2b8S.ltrans0.ltrans.o
 .debug_str     0x00000000      0x1a6 /tmp/ccHZ54Tp.debug.temp.o
 .debug_str     0x00000000    0x131bc /tmp/cceufLJn.debug.temp.o
 .debug_str     0x00000000     0x8c9e /tmp/ccpFzGqd.debug.temp.o
 .debug_str     0x00000000      0x198 /tmp/cc5NlYTP.debug.temp.o
 .debug_str     0x00000000    0x131da /tmp/cc46TCZJ.debug.temp.o
 .debug_str     0x00000000      0x243 /tmp/ccy3IkPc.debug.temp.o
 .debug_str     0x00000000     0xe954 /tmp/ccnjts7l.debug.temp.o
 .debug_str     0x00000000      0x1a8 /tmp/ccJTLZB8.debug.temp.o
 .debug_str     0x00000000      0x1a1 /tmp/ccgTPWVs.debug.temp.o
 .debug_str     0x00000000    0x13545 species_transformation.o
                                 0x85 (size before relaxing)
 .debug_str     0x00013545       0x7e trampolines.o

.comment        0x00000000       0x26
 .comment       0x00000000       0x26 /tmp/ccIq2b8S.ltrans0.ltrans.o
                                 0x27 (size before relaxing)
 .comment       0x00000026       0x27 /tmp/ccHZ54Tp.debug.temp.o
 .comment       0x00000026       0x27 /tmp/cceufLJn.debug.temp.o
 .comment       0x00000026       0x27 /tmp/ccpFzGqd.debug.temp.o
 .comment       0x00000026       0x27 /tmp/cc5NlYTP.debug.temp.o
 .comment       0x00000026       0x27 /tmp/cc46TCZJ.debug.temp.o
 .comment       0x00000026       0x27 /tmp/ccy3IkPc.debug.temp.o
 .comment       0x00000026       0x27 /tmp/ccnjts7l.debug.temp.o
 .comment       0x00000026       0x27 /tmp/ccJTLZB8.debug.temp.o
 .comment       0x00000026       0x27 /tmp/ccgTPWVs.debug.temp.o

.ARM.attributes
                0x00000000       0x26
 .ARM.attributes
                0x00000000       0x28 /tmp/ccIq2b8S.ltrans0.ltrans.o
 .ARM.attributes
                0x00000028       0x1a species_transformation.o
 .ARM.attributes
                0x00000042       0x1a trampolines.o

.debug_frame    0x00000000       0xa4
 .debug_frame   0x00000000       0xa4 /tmp/ccIq2b8S.ltrans0.ltrans.o

.debug_line_str
                0x00000000      0x5c4
 .debug_line_str
                0x00000000       0x76 /tmp/ccHZ54Tp.debug.temp.o
 .debug_line_str
                0x00000000      0x2df /tmp/cceufLJn.debug.temp.o
 .debug_line_str
                0x00000000      0x331 /tmp/ccpFzGqd.debug.temp.o
 .debug_line_str
                0x00000000       0x68 /tmp/cc5NlYTP.debug.temp.o
 .debug_line_str
                0x00000000      0x325 /tmp/cc46TCZJ.debug.temp.o
 .debug_line_str
                0x00000000      0x151 /tmp/ccy3IkPc.debug.temp.o
 .debug_line_str
                0x00000000      0x31e /tmp/ccnjts7l.debug.temp.o
 .debug_line_str
                0x00000000       0x78 /tmp/ccJTLZB8.debug.temp.o
 .debug_line_str
                0x00000000       0x71 /tmp/ccgTPWVs.debug.temp.o
 .debug_line_str
                0x00000000      0x5c4 species_transformation.o
                                 0x79 (size before relaxing)
 .debug_line_str
                0x000005c4       0x72 trampolines.o
